args: ('foo', 1, 0) => foo, 0, 0
args: ('foo', 0, 0) => foo, -1, 0
args: ('foo', -1, 0) => foo, -2, 0
