[Quality degrades twice as fast, -1, 0, Quality is never negative, -1, 0, Aged Brie, -1, 2, Quality never more than 50, -1, 50, Sulfuras, Hand of Ragnaros, 0, 10, Backstage passes to a TAFKAL80ETC concert, 11, 11, Backstage passes to a TAFKAL80ETC concert, 9, 12, Backstage passes to a TAFKAL80ETC concert, 3, 13]
