args: ('Aged Brie', 11, 0) => Aged Brie, 10, 1
args: ('Aged Brie', 11, 50) => Aged Brie, 10, 50
args: ('Aged Brie', 10, 0) => Aged Brie, 9, 1
args: ('Aged Brie', 10, 50) => Aged Brie, 9, 50
args: ('Aged Brie', 9, 0) => Aged Brie, 8, 1
args: ('Aged Brie', 9, 50) => Aged Brie, 8, 50
args: ('Aged Brie', 5, 0) => Aged Brie, 4, 1
args: ('Aged Brie', 5, 50) => Aged Brie, 4, 50
args: ('Aged Brie', 4, 0) => Aged Brie, 3, 1
args: ('Aged Brie', 4, 50) => Aged Brie, 3, 50
args: ('Aged Brie', 0, 0) => Aged Brie, -1, 2
args: ('Aged Brie', 0, 50) => Aged Brie, -1, 50
args: ('Aged Brie', -1, 0) => Aged Brie, -2, 2
args: ('Aged Brie', -1, 50) => Aged Brie, -2, 50
args: ('Sulfuras, Hand of Ragnaros', 11, 0) => Sulfuras, Hand of Ragnaros, 11, 0
args: ('Sulfuras, Hand of Ragnaros', 11, 50) => Sulfuras, Hand of Ragnaros, 11, 50
args: ('Sulfuras, Hand of Ragnaros', 10, 0) => Sulfuras, Hand of Ragnaros, 10, 0
args: ('Sulfuras, Hand of Ragnaros', 10, 50) => Sulfuras, Hand of Ragnaros, 10, 50
args: ('Sulfuras, Hand of Ragnaros', 9, 0) => Sulfuras, Hand of Ragnaros, 9, 0
args: ('Sulfuras, Hand of Ragnaros', 9, 50) => Sulfuras, Hand of Ragnaros, 9, 50
args: ('Sulfuras, Hand of Ragnaros', 5, 0) => Sulfuras, Hand of Ragnaros, 5, 0
args: ('Sulfuras, Hand of Ragnaros', 5, 50) => Sulfuras, Hand of Ragnaros, 5, 50
args: ('Sulfuras, Hand of Ragnaros', 4, 0) => Sulfuras, Hand of Ragnaros, 4, 0
args: ('Sulfuras, Hand of Ragnaros', 4, 50) => Sulfuras, Hand of Ragnaros, 4, 50
args: ('Sulfuras, Hand of Ragnaros', 0, 0) => Sulfuras, Hand of Ragnaros, 0, 0
args: ('Sulfuras, Hand of Ragnaros', 0, 50) => Sulfuras, Hand of Ragnaros, 0, 50
args: ('Sulfuras, Hand of Ragnaros', -1, 0) => Sulfuras, Hand of Ragnaros, -1, 0
args: ('Sulfuras, Hand of Ragnaros', -1, 50) => Sulfuras, Hand of Ragnaros, -1, 50
args: ('Backstage passes to a TAFKAL80ETC concert', 11, 0) => Backstage passes to a TAFKAL80ETC concert, 10, 1
args: ('Backstage passes to a TAFKAL80ETC concert', 11, 50) => Backstage passes to a TAFKAL80ETC concert, 10, 50
args: ('Backstage passes to a TAFKAL80ETC concert', 10, 0) => Backstage passes to a TAFKAL80ETC concert, 9, 2
args: ('Backstage passes to a TAFKAL80ETC concert', 10, 50) => Backstage passes to a TAFKAL80ETC concert, 9, 50
args: ('Backstage passes to a TAFKAL80ETC concert', 9, 0) => Backstage passes to a TAFKAL80ETC concert, 8, 2
args: ('Backstage passes to a TAFKAL80ETC concert', 9, 50) => Backstage passes to a TAFKAL80ETC concert, 8, 50
args: ('Backstage passes to a TAFKAL80ETC concert', 5, 0) => Backstage passes to a TAFKAL80ETC concert, 4, 3
args: ('Backstage passes to a TAFKAL80ETC concert', 5, 50) => Backstage passes to a TAFKAL80ETC concert, 4, 50
args: ('Backstage passes to a TAFKAL80ETC concert', 4, 0) => Backstage passes to a TAFKAL80ETC concert, 3, 3
args: ('Backstage passes to a TAFKAL80ETC concert', 4, 50) => Backstage passes to a TAFKAL80ETC concert, 3, 50
args: ('Backstage passes to a TAFKAL80ETC concert', 0, 0) => Backstage passes to a TAFKAL80ETC concert, -1, 0
args: ('Backstage passes to a TAFKAL80ETC concert', 0, 50) => Backstage passes to a TAFKAL80ETC concert, -1, 0
args: ('Backstage passes to a TAFKAL80ETC concert', -1, 0) => Backstage passes to a TAFKAL80ETC concert, -2, 0
args: ('Backstage passes to a TAFKAL80ETC concert', -1, 50) => Backstage passes to a TAFKAL80ETC concert, -2, 0
